C51 COMPILER V9.52.0.0   MAIN                                                              01/16/2024 10:25:45 PAGE 1   


C51 COMPILER V9.52.0.0, COMPILATION OF MODULE MAIN
OBJECT MODULE PLACED IN main.OBJ
COMPILER INVOKED BY: D:\app\keil 5\keil_v4\C51\BIN\C51.EXE main.c BROWSE DEBUG OBJECTEXTEND

line level    source

   1          #include "reg52.h"//选择Inter 8052编译
   2          #include "intrins.h"
   3          
   4          sbit ledOne = P3^7;
   5          sbit ledTwo = P3^6;
   6          sbit D0_ON = P1^2;
   7          sbit D1_OFF = P1^3;
   8          sbit switcher = P1^1; //in接线
   9          void Delay2000ms()              //@11.0592MHz
  10          {
  11   1              unsigned char i, j, k;
  12   1      
  13   1              _nop_();
  14   1              i = 15;
  15   1              j = 2;
  16   1              k = 235;
  17   1              do
  18   1              {
  19   2                      do
  20   2                      {
  21   3                              while (--k);
  22   3                      } while (--j);
  23   2              } while (--i);
  24   1      }
  25          void main()
  26          {
  27   1              while(1){
  28   2                      if(D0_ON==1){ //按键A按下，高电平
  29   3                              switcher=0; //继电器导通
  30   3                      }
  31   2                      if(D1_OFF==1){ //按键B按下，高电平
  32   3                              switcher=1; //继电器不导通
  33   3                      }
  34   2              }
  35   1      }


MODULE INFORMATION:   STATIC OVERLAYABLE
   CODE SIZE        =     26    ----
   CONSTANT SIZE    =   ----    ----
   XDATA SIZE       =   ----    ----
   PDATA SIZE       =   ----    ----
   DATA SIZE        =   ----    ----
   IDATA SIZE       =   ----    ----
   BIT SIZE         =   ----    ----
END OF MODULE INFORMATION.


C51 COMPILATION COMPLETE.  0 WARNING(S),  0 ERROR(S)
